[22:58:56] [INFO] Log file created: server_2026-02-06_22-58-56.log
[22:58:56] [INFO] Starting Winsock...
[22:58:56] [INFO] Listening on port 8080...
[22:59:10] [INFO] New client connected
[22:59:10] [INFO] Request received
[22:59:10] [INFO] New client connected
[22:59:10] [INFO] Request received
[22:59:11] [INFO] New client connected
[22:59:11] [INFO] Request received
[22:59:11] [INFO] New client connected
[22:59:11] [INFO] Request received
[22:59:13] [INFO] New client connected
[22:59:13] [INFO] Request received
[22:59:13] [INFO] New client connected
[22:59:13] [INFO] Request received
[22:59:14] [INFO] New client connected
[22:59:14] [INFO] Request received
[22:59:14] [INFO] New client connected
[22:59:14] [INFO] Request received
[22:59:17] [INFO] New client connected
[22:59:17] [INFO] Request received
[22:59:17] [INFO] New client connected
[22:59:17] [INFO] Request received
[23:00:06] [INFO] New client connected
[23:00:06] [INFO] Request received
[23:00:06] [INFO] New client connected
[23:00:06] [INFO] Request received
